BEGIN;
create user test_user;
create table test_table (col1 int4);
grant select on test_table to test_user;
select gm_generate_current();
NOTICE:  table "grants_manager_old" does not exist, skipping
CONTEXT:  SQL statement "drop table if exists grants_manager_old"
PL/pgSQL function gm_generate_current() line 11 at EXECUTE statement
NOTICE:  relation "grants_manager" does not exist, skipping
CONTEXT:  SQL statement "alter table if exists public.grants_manager rename to grants_manager_old"
PL/pgSQL function gm_generate_current() line 12 at EXECUTE statement
 gm_generate_current 
---------------------
 
(1 row)

select postgres, test_user from public.grants_manager where (schema_name, object_name, object_type) = ('public', 'test_table', 'TABLE');
 postgres | test_user 
----------+-----------
          | {r}
(1 row)

ROLLBACK;
